============================= test session starts =============================
platform win32 -- Python 3.12.10, pytest-7.4.3, pluggy-1.6.0 -- C:\Users\Jigar Patel\AppData\Local\Microsoft\WindowsApps\PythonSoftwareFoundation.Python.3.12_qbz5n2kfra8p0\python.exe
cachedir: .pytest_cache
rootdir: D:\Devam\Microsoft VS Code\Codes\DeepFake
configfile: pytest.ini
plugins: anyio-3.7.1, cov-4.1.0
collecting ... collected 31 items

tests/test_processing_level.py::TestProcessingLevelImport::test_import_processing_level_module PASSED [  3%]
tests/test_processing_level.py::TestProcessingLevelImport::test_processing_level_type_values PASSED [  6%]
tests/test_processing_level.py::TestProcessingLevelResult::test_result_to_dict PASSED [  9%]
tests/test_processing_level.py::TestProcessingLevelResult::test_minimal_processing_result PASSED [ 12%]
tests/test_processing_level.py::TestImageProcessingAnalyzer::test_analyzer_initialization PASSED [ 16%]
tests/test_processing_level.py::TestImageProcessingAnalyzer::test_file_not_found_returns_unknown PASSED [ 19%]
tests/test_processing_level.py::TestEnsembleIntegration::test_processing_level_flag_exists PASSED [ 22%]
tests/test_processing_level.py::TestEnsembleIntegration::test_ensemble_result_includes_processing_level PASSED [ 25%]
tests/test_processing_level.py::TestHeavyProcessingBehavior::test_heavy_processing_forces_uncertain_in_logic PASSED [ 29%]
tests/test_processing_level.py::TestAIProbabilityUnchanged::test_probability_preserved_in_result PASSED [ 32%]
tests/test_processing_level.py::TestAIProbabilityUnchanged::test_processing_does_not_modify_model_output PASSED [ 35%]
tests/test_processing_level.py::TestAPISchemaExtension::test_api_response_has_processing_fields FAILED [ 38%]
tests/test_processing_level.py::TestThresholds::test_threshold_values PASSED [ 41%]
tests/test_processing_level.py::TestThresholds::test_signal_weights_sum_to_one PASSED [ 45%]
tests/test_filter_detector.py::TestFilterDetectorImport::test_import_filter_detector PASSED [ 48%]
tests/test_filter_detector.py::TestAspectRatioDetection::test_instagram_square_ratio PASSED [ 51%]
tests/test_filter_detector.py::TestAspectRatioDetection::test_story_ratio PASSED [ 54%]
tests/test_filter_detector.py::TestSocialMediaSignatures::test_instagram_signatures_exist PASSED [ 58%]
tests/test_filter_detector.py::TestSocialMediaSignatures::test_snapchat_signatures_exist PASSED [ 61%]
tests/test_filter_detector.py::TestSocialMediaSignatures::test_vsco_signatures_exist PASSED [ 64%]
tests/test_filter_detector.py::TestFilterDetectionResult::test_result_to_dict PASSED [ 67%]
tests/test_filter_detector.py::TestFilterDetectionResult::test_no_filter_result PASSED [ 70%]
tests/test_filter_detector.py::TestEnsembleIntegration::test_filter_detector_flag_exists PASSED [ 74%]
tests/test_ensemble.py::TestWeightedAggregation::test_equal_weights_gives_average PASSED [ 77%]
tests/test_ensemble.py::TestWeightedAggregation::test_unequal_weights_favor_higher_weight PASSED [ 80%]
tests/test_ensemble.py::TestWeightedAggregation::test_weights_sum_to_one_after_normalization PASSED [ 83%]
tests/test_ensemble.py::TestConfidenceInterval::test_ci_contains_score PASSED [ 87%]
tests/test_ensemble.py::TestConfidenceInterval::test_ci_bounds_are_ordered PASSED [ 90%]
tests/test_ensemble.py::TestConfidenceInterval::test_ci_width_increases_with_uncertainty PASSED [ 93%]
tests/test_ensemble.py::TestProbabilitySanity::test_probabilities_sum_to_one PASSED [ 96%]
tests/test_ensemble.py::TestProbabilitySanity::test_probability_bounds PASSED [100%]

================================== FAILURES ===================================
_______ TestAPISchemaExtension.test_api_response_has_processing_fields ________
tests\test_processing_level.py:220: in test_api_response_has_processing_fields
    from api.main import AnalysisResponse
E   ModuleNotFoundError: No module named 'api.main'
=========================== short test summary info ===========================
FAILED tests/test_processing_level.py::TestAPISchemaExtension::test_api_response_has_processing_fields
======================== 1 failed, 30 passed in 4.65s =========================
